- [2026-10-04T20:25:18.355Z] reflection: memory_added=0; idea=none; plan=gate 端到端注入测试，无新增持久记忆
- [2026-10-04T20:26:24.435Z] reflection: memory_added=0; idea=none; plan=Gate 端到端测试消息，无需记忆变更。
- [2026-10-04T20:29:52.188Z] reflection: memory_added=0; idea=none; plan=Gate 端到端测试消息，无需记忆或行动。
- [2026-10-04T20:56:02.408Z] reflection: memory_added=0; idea=none; plan=gate 注入测试消息，无需记忆或行动。
- [2026-10-04T21:00:15.810Z] reflection: memory_added=0; idea=none; plan=gate 注入测试消息，无需记忆或计划变更。
- [2026-10-05T04:09:16.850Z] reflection: memory_added=0; idea=none; plan=gate 注入测试消息，无需记忆或计划变更。
- [2026-10-05T04:18:55.245Z] reflection deferred: reliable session history unavailable
- [2026-10-05T04:21:25.450Z] reflection deferred: reliable session history unavailable
- [2026-10-05T04:29:41.544Z] reflection: memory_added=0; idea=none; plan=Gate 端到端注入测试，无需新增记忆。
- [2026-10-05T04:58:31.817Z] reflection deferred: reliable session history unavailable
- [2026-10-05T07:58:38.367Z] reflection deferred: reliable session history unavailable
- [2026-10-05T08:00:39.386Z] reflection deferred: reliable session history unavailable
- [2026-10-05T08:02:50.452Z] reflection deferred: reliable session history unavailable
- [2026-10-05T08:04:51.406Z] reflection deferred: reliable session history unavailable
- [2026-10-05T08:06:51.677Z] reflection deferred: reliable session history unavailable
- [2026-10-05T08:08:51.916Z] reflection deferred: reliable session history unavailable
- [2026-10-05T08:10:52.077Z] reflection deferred: reliable session history unavailable
- [2026-10-05T08:12:52.307Z] reflection deferred: reliable session history unavailable
- [2026-10-05T08:14:53.044Z] reflection deferred: reliable session history unavailable
- [2026-10-05T08:16:53.203Z] reflection deferred: reliable session history unavailable
- [2026-10-05T08:18:53.443Z] reflection deferred: reliable session history unavailable
- [2026-10-05T08:20:53.638Z] reflection deferred: reliable session history unavailable
- [2026-10-05T08:22:53.814Z] reflection deferred: reliable session history unavailable
- [2026-10-05T08:24:53.998Z] reflection deferred: reliable session history unavailable
- [2026-10-05T08:26:54.189Z] reflection deferred: reliable session history unavailable
- [2026-10-05T08:28:54.370Z] reflection deferred: reliable session history unavailable
- [2026-10-05T08:30:54.551Z] reflection deferred: reliable session history unavailable
- [2026-10-05T08:32:54.747Z] reflection deferred: reliable session history unavailable
- [2026-10-05T08:34:54.955Z] reflection deferred: reliable session history unavailable
- [2026-10-05T08:36:55.126Z] reflection deferred: reliable session history unavailable
- [2026-10-05T08:38:55.300Z] reflection deferred: reliable session history unavailable
- [2026-10-05T08:40:55.493Z] reflection deferred: reliable session history unavailable
- [2026-10-05T08:42:55.684Z] reflection deferred: reliable session history unavailable
- [2026-10-05T08:44:55.909Z] reflection deferred: reliable session history unavailable
- [2026-10-05T08:46:56.123Z] reflection deferred: reliable session history unavailable
- [2026-10-05T08:48:56.298Z] reflection deferred: reliable session history unavailable
- [2026-10-05T08:50:56.498Z] reflection deferred: reliable session history unavailable
- [2026-10-05T08:52:56.700Z] reflection deferred: reliable session history unavailable
- [2026-10-05T08:54:56.879Z] reflection deferred: reliable session history unavailable
- [2026-10-05T08:56:57.168Z] reflection deferred: reliable session history unavailable
- [2026-10-05T08:58:57.402Z] reflection deferred: reliable session history unavailable
- [2026-10-05T09:00:57.582Z] reflection deferred: reliable session history unavailable
- [2026-10-05T09:02:57.837Z] reflection deferred: reliable session history unavailable
- [2026-10-05T09:04:58.068Z] reflection deferred: reliable session history unavailable
- [2026-10-05T09:06:58.267Z] reflection deferred: reliable session history unavailable
- [2026-10-05T09:08:58.451Z] reflection deferred: reliable session history unavailable
- [2026-10-05T09:10:58.620Z] reflection deferred: reliable session history unavailable
- [2026-10-05T09:12:58.802Z] reflection deferred: reliable session history unavailable
- [2026-10-05T09:14:59.283Z] reflection deferred: reliable session history unavailable
- [2026-10-05T09:16:59.483Z] reflection deferred: reliable session history unavailable
- [2026-10-05T09:18:59.702Z] reflection deferred: reliable session history unavailable
- [2026-10-05T09:20:59.895Z] reflection deferred: reliable session history unavailable
- [2026-10-05T09:23:00.085Z] reflection deferred: reliable session history unavailable
- [2026-10-05T09:25:00.322Z] reflection deferred: reliable session history unavailable
- [2026-10-05T09:27:00.582Z] reflection deferred: reliable session history unavailable
- [2026-10-05T09:29:00.753Z] reflection deferred: reliable session history unavailable
- [2026-10-05T09:31:00.936Z] reflection deferred: reliable session history unavailable
- [2026-10-05T09:33:01.142Z] reflection deferred: reliable session history unavailable
- [2026-10-05T09:35:01.439Z] reflection deferred: reliable session history unavailable
- [2026-10-05T09:37:01.640Z] reflection deferred: reliable session history unavailable
- [2026-10-05T09:39:01.921Z] reflection deferred: reliable session history unavailable
- [2026-10-05T09:41:02.113Z] reflection deferred: reliable session history unavailable
- [2026-10-05T09:43:02.374Z] reflection deferred: reliable session history unavailable
- [2026-10-05T09:45:02.627Z] reflection deferred: reliable session history unavailable
- [2026-10-05T09:47:03.127Z] reflection deferred: reliable session history unavailable
- [2026-10-05T09:49:03.499Z] reflection deferred: reliable session history unavailable
- [2026-10-05T09:51:03.858Z] reflection deferred: reliable session history unavailable
- [2026-10-05T09:53:04.100Z] reflection deferred: reliable session history unavailable
- [2026-10-05T09:55:04.395Z] reflection deferred: reliable session history unavailable
- [2026-10-05T09:57:04.578Z] reflection deferred: reliable session history unavailable
- [2026-10-05T09:59:04.763Z] reflection deferred: reliable session history unavailable
- [2026-10-05T10:01:05.363Z] reflection deferred: reliable session history unavailable
- [2026-10-05T10:03:05.568Z] reflection deferred: reliable session history unavailable
- [2026-10-05T10:05:05.742Z] reflection deferred: reliable session history unavailable
- [2026-10-05T10:07:05.926Z] reflection deferred: reliable session history unavailable
- [2026-10-05T10:09:06.083Z] reflection deferred: reliable session history unavailable
- [2026-10-05T10:11:06.241Z] reflection deferred: reliable session history unavailable
- [2026-10-05T10:13:06.403Z] reflection deferred: reliable session history unavailable
- [2026-10-05T10:15:06.570Z] reflection deferred: reliable session history unavailable
- [2026-10-05T10:17:06.766Z] reflection deferred: reliable session history unavailable
- [2026-10-05T10:19:06.908Z] reflection deferred: reliable session history unavailable
- [2026-10-05T10:21:07.070Z] reflection deferred: reliable session history unavailable
- [2026-10-05T10:23:07.251Z] reflection deferred: reliable session history unavailable
- [2026-10-05T10:25:07.421Z] reflection deferred: reliable session history unavailable
- [2026-10-05T10:27:07.623Z] reflection deferred: reliable session history unavailable
- [2026-10-05T10:29:08.673Z] reflection deferred: reliable session history unavailable
- [2026-10-05T10:31:08.866Z] reflection deferred: reliable session history unavailable
- [2026-10-05T10:33:09.091Z] reflection deferred: reliable session history unavailable
- [2026-10-05T10:35:09.260Z] reflection deferred: reliable session history unavailable
- [2026-10-05T10:37:09.424Z] reflection deferred: reliable session history unavailable
- [2026-10-05T10:39:09.568Z] reflection deferred: reliable session history unavailable
- [2026-10-05T10:41:09.740Z] reflection deferred: reliable session history unavailable
- [2026-10-05T10:43:09.931Z] reflection deferred: reliable session history unavailable
- [2026-10-05T10:45:10.093Z] reflection deferred: reliable session history unavailable
- [2026-10-05T10:47:10.251Z] reflection deferred: reliable session history unavailable
- [2026-10-05T10:49:10.396Z] reflection deferred: reliable session history unavailable
- [2026-10-05T10:51:10.576Z] reflection deferred: reliable session history unavailable
- [2026-10-05T10:53:10.752Z] reflection deferred: reliable session history unavailable
- [2026-10-05T10:55:10.907Z] reflection deferred: reliable session history unavailable
- [2026-10-05T10:57:11.062Z] reflection deferred: reliable session history unavailable
- [2026-10-05T10:59:11.217Z] reflection deferred: reliable session history unavailable
- [2026-10-05T11:01:11.374Z] reflection deferred: reliable session history unavailable
- [2026-10-05T11:03:11.565Z] reflection deferred: reliable session history unavailable
- [2026-10-05T11:05:11.730Z] reflection deferred: reliable session history unavailable
- [2026-10-05T11:07:11.896Z] reflection deferred: reliable session history unavailable
- [2026-10-05T11:09:12.066Z] reflection deferred: reliable session history unavailable
- [2026-10-05T11:11:12.311Z] reflection deferred: reliable session history unavailable
- [2026-10-05T11:13:12.504Z] reflection deferred: reliable session history unavailable
- [2026-10-05T11:15:12.723Z] reflection deferred: reliable session history unavailable
- [2026-10-05T11:17:12.913Z] reflection deferred: reliable session history unavailable
- [2026-10-05T11:19:13.084Z] reflection deferred: reliable session history unavailable
- [2026-10-05T11:21:13.298Z] reflection deferred: reliable session history unavailable
- [2026-10-05T11:23:13.470Z] reflection deferred: reliable session history unavailable
- [2026-10-05T11:25:13.635Z] reflection deferred: reliable session history unavailable
- [2026-10-05T11:27:13.791Z] reflection deferred: reliable session history unavailable
- [2026-10-05T11:29:13.975Z] reflection deferred: reliable session history unavailable
- [2026-10-05T11:31:14.165Z] reflection deferred: reliable session history unavailable
- [2026-10-05T11:33:14.334Z] reflection deferred: reliable session history unavailable
- [2026-10-05T12:41:50.464Z] reflection: memory_added=0; idea=none; plan=gate 端到端注入测试，无需新增记忆
- [2026-10-05T16:06:04.688Z] reflection deferred: reliable session history unavailable
- [2026-10-05T17:38:57.840Z] reflection deferred: reliable session history unavailable
- [2026-10-05T17:40:58.409Z] reflection deferred: reliable session history unavailable
- [2026-10-05T17:42:58.612Z] reflection deferred: reliable session history unavailable
